// Vitest Snapshot v1, https://vitest.dev/guide/snapshot.html

exports[`TermsOfServicePage > should match snapshot 1`] = `
<div
  class="min-h-screen bg-pairup-cream"
>
  <div
    class="container mx-auto px-4 py-8 max-w-4xl"
  >
    <div
      class="text-center mb-8"
    >
      <img
        alt="PairUp Events"
        class="h-12 mx-auto mb-6"
        src="/Logo.png"
      />
      <h1
        class="text-4xl font-bold text-pairup-darkBlue mb-2 flex items-center justify-center"
      >
        <svg
          class="lucide lucide-file-text h-8 w-8 mr-3 text-pairup-cyan"
          fill="none"
          height="24"
          stroke="currentColor"
          stroke-linecap="round"
          stroke-linejoin="round"
          stroke-width="2"
          viewBox="0 0 24 24"
          width="24"
          xmlns="http://www.w3.org/2000/svg"
        >
          <path
            d="M15 2H6a2 2 0 0 0-2 2v16a2 2 0 0 0 2 2h12a2 2 0 0 0 2-2V7Z"
          />
          <path
            d="M14 2v4a2 2 0 0 0 2 2h4"
          />
          <path
            d="M10 9H8"
          />
          <path
            d="M16 13H8"
          />
          <path
            d="M16 17H8"
          />
        </svg>
        Terms of Service
      </h1>
    </div>
    <div
      class="bg-white/80 backdrop-blur-sm border border-gray-200 rounded-lg p-8 mb-8 text-center"
    >
      <div
        class="mb-6"
      >
        <svg
          class="lucide lucide-construction h-16 w-16 mx-auto text-pairup-cyan mb-4"
          fill="none"
          height="24"
          stroke="currentColor"
          stroke-linecap="round"
          stroke-linejoin="round"
          stroke-width="2"
          viewBox="0 0 24 24"
          width="24"
          xmlns="http://www.w3.org/2000/svg"
        >
          <rect
            height="8"
            rx="1"
            width="20"
            x="2"
            y="6"
          />
          <path
            d="M17 14v7"
          />
          <path
            d="M7 14v7"
          />
          <path
            d="M17 3v3"
          />
          <path
            d="M7 3v3"
          />
          <path
            d="M10 14 2.3 6.3"
          />
          <path
            d="m14 6 7.7 7.7"
          />
          <path
            d="m8 6 8 8"
          />
        </svg>
        <h2
          class="text-2xl font-semibold text-pairup-darkBlue mb-4"
        >
          🚧 Under Construction! 🚧
        </h2>
      </div>
      <div
        class="max-w-2xl mx-auto"
      >
        <p
          class="text-lg text-pairup-darkBlue/80 mb-6"
        >
          Our legal team is hard at work crafting the perfect Terms of Service that will protect both you and us while keeping things fair and simple.
        </p>
        <div
          class="bg-pairup-cyan/10 border border-pairup-cyan/30 rounded-lg p-6 mb-6"
        >
          <h3
            class="text-lg font-semibold text-pairup-darkBlue mb-3"
          >
            What to Expect:
          </h3>
          <ul
            class="text-left text-pairup-darkBlue/80 space-y-2"
          >
            <li
              class="flex items-start"
            >
              <span
                class="text-pairup-cyan mr-2"
              >
                •
              </span>
              Clear, easy-to-understand language (no legal jargon!)
            </li>
            <li
              class="flex items-start"
            >
              <span
                class="text-pairup-cyan mr-2"
              >
                •
              </span>
              Your rights and our responsibilities
            </li>
            <li
              class="flex items-start"
            >
              <span
                class="text-pairup-cyan mr-2"
              >
                •
              </span>
              How we handle your data and privacy
            </li>
            <li
              class="flex items-start"
            >
              <span
                class="text-pairup-cyan mr-2"
              >
                •
              </span>
              Community guidelines for safe pairing
            </li>
          </ul>
        </div>
        <p
          class="text-sm text-gray-600 mb-6"
        >
          In the meantime, we promise to treat you with respect, protect your privacy, and create a safe space for pairs to connect and discover amazing events together! 🤝
        </p>
        <div
          class="flex flex-col sm:flex-row gap-4 justify-center"
        >
          <a
            class="inline-flex items-center px-6 py-3 bg-pairup-cyan text-pairup-darkBlue font-medium rounded-lg hover:bg-pairup-cyan/90 focus:outline-none focus:ring-2 focus:ring-offset-2 focus:ring-pairup-cyan transition-colors"
            href="/"
          >
            <svg
              class="lucide lucide-arrow-left h-4 w-4 mr-2"
              fill="none"
              height="24"
              stroke="currentColor"
              stroke-linecap="round"
              stroke-linejoin="round"
              stroke-width="2"
              viewBox="0 0 24 24"
              width="24"
              xmlns="http://www.w3.org/2000/svg"
            >
              <path
                d="m12 19-7-7 7-7"
              />
              <path
                d="M19 12H5"
              />
            </svg>
            Back to Home
          </a>
          <a
            class="inline-flex items-center px-6 py-3 border border-pairup-cyan text-pairup-cyan rounded-lg hover:bg-pairup-cyan/10 focus:outline-none focus:ring-2 focus:ring-offset-2 focus:ring-pairup-cyan transition-colors"
            href="/privacy-policy"
          >
            View Privacy Policy
          </a>
        </div>
      </div>
    </div>
    <div
      class="text-center"
    >
      <p
        class="text-sm text-gray-500"
      >
        Made with ❤️ by the PairUp Events team
      </p>
    </div>
  </div>
</div>
`;
