// Vitest Snapshot v1, https://vitest.dev/guide/snapshot.html

exports[`InviteFriendSection > should match snapshot 1`] = `
<div
  class="bg-white/80 backdrop-blur-sm border border-gray-200 rounded-lg p-6 mb-8"
>
  <h3
    class="text-lg font-semibold text-pairup-darkBlue mb-4"
  >
    Invite Friends
  </h3>
  <p
    class="text-pairup-darkBlue/80 mb-4"
  >
    Share PairUp Events with your friends and help them discover amazing activities!
  </p>
  <button
    class="flex items-center gap-2 px-4 py-2 bg-pairup-cyan text-pairup-darkBlue rounded-md hover:bg-pairup-cyan/90 focus:outline-none focus:ring-2 focus:ring-pairup-cyan transition-colors"
  >
    <svg
      class="lucide lucide-share2 w-4 h-4"
      fill="none"
      height="24"
      stroke="currentColor"
      stroke-linecap="round"
      stroke-linejoin="round"
      stroke-width="2"
      viewBox="0 0 24 24"
      width="24"
      xmlns="http://www.w3.org/2000/svg"
    >
      <circle
        cx="18"
        cy="5"
        r="3"
      />
      <circle
        cx="6"
        cy="12"
        r="3"
      />
      <circle
        cx="18"
        cy="19"
        r="3"
      />
      <line
        x1="8.59"
        x2="15.42"
        y1="13.51"
        y2="17.49"
      />
      <line
        x1="15.41"
        x2="8.59"
        y1="6.51"
        y2="10.49"
      />
    </svg>
    Invite Friends
  </button>
</div>
`;
