// Vitest Snapshot v1, https://vitest.dev/guide/snapshot.html

exports[`EarlyAccessSection > should match snapshot 1`] = `
<section
  class="py-16 md:py-24 px-4 md:px-8 bg-transparent"
  id="early-access"
>
  <div
    class="max-w-7xl mx-auto px-4 sm:px-6 lg:px-8"
  >
    <div
      class="bg-white/30 p-12 rounded-3xl backdrop-blur-sm"
    >
      <div
        class="text-center mb-8"
      >
        <h2
          class="text-3xl font-bold mb-4"
        >
          Get Early Access
        </h2>
        <p
          class="text-lg text-pairup-darkBlue/80 max-w-2xl mx-auto"
        >
          Be the first to know when we launch. Sign up now to receive exclusive updates, sneak peeks, and priority access to Pair Up Events.
        </p>
      </div>
      <div
        class="flex items-center justify-center"
      >
        <iframe
          allowfullscreen=""
          frameborder="0"
          height="500"
          scrolling="auto"
          src="https://sibforms.com/serve/MUIFAFLqsAW47gnNrDXUCqzyVXOATXu7PjahHmeb1AqYEwx7SxJMvu3yKUNMqQm9aiODyeTqHUWA7IklRCduPdiy26zsDtyuOczp56P4PpZKrU2kP8i9yHQP8l6cGp8v4xR3Gbujes1E7lAYjg4MCCSGL2EeIElUR64t6PJncqwNlP2cUiShr_0E-jx3FzqHd5rK5u3jXRXM8J_P"
          style="display: block; margin-left: auto; margin-right: auto;"
          title="Brevo Subscription Form"
          width="600"
        />
      </div>
    </div>
  </div>
</section>
`;
