// Vitest Snapshot v1, https://vitest.dev/guide/snapshot.html

exports[`MobileBottomNavigation > should match snapshot 1`] = `
<nav
  aria-label="Mobile navigation"
  class="fixed bottom-0 left-0 right-0 z-50 bg-pairup-darkBlue border-t border-pairup-cyan/20 md:hidden"
  data-testid="mobile-bottom-navigation"
>
  <div
    class="flex items-center justify-around py-2"
  >
    <button
      aria-label="Navigate to homepage"
      class="flex flex-col items-center justify-center py-2 px-3 min-w-0 flex-1 transition-colors duration-200 text-pairup-yellow"
      role="menuitem"
    >
      <svg
        class="lucide lucide-compass w-5 h-5 mb-1 text-pairup-yellow"
        fill="none"
        height="24"
        stroke="currentColor"
        stroke-linecap="round"
        stroke-linejoin="round"
        stroke-width="2"
        viewBox="0 0 24 24"
        width="24"
        xmlns="http://www.w3.org/2000/svg"
      >
        <path
          d="m16.24 7.76-1.804 5.411a2 2 0 0 1-1.265 1.265L7.76 16.24l1.804-5.411a2 2 0 0 1 1.265-1.265z"
        />
        <circle
          cx="12"
          cy="12"
          r="10"
        />
      </svg>
      <span
        class="text-xs font-medium truncate text-pairup-yellow"
      >
        Explore
      </span>
      <div
        class="absolute -top-0.5 left-1/2 transform -translate-x-1/2 w-8 h-0.5 bg-pairup-yellow rounded-full"
      />
    </button>
    <button
      aria-label="Navigate to my events"
      class="flex flex-col items-center justify-center py-2 px-3 min-w-0 flex-1 transition-colors duration-200 text-pairup-cream hover:text-pairup-yellow"
      role="menuitem"
    >
      <svg
        class="lucide lucide-calendar w-5 h-5 mb-1"
        fill="none"
        height="24"
        stroke="currentColor"
        stroke-linecap="round"
        stroke-linejoin="round"
        stroke-width="2"
        viewBox="0 0 24 24"
        width="24"
        xmlns="http://www.w3.org/2000/svg"
      >
        <path
          d="M8 2v4"
        />
        <path
          d="M16 2v4"
        />
        <rect
          height="18"
          rx="2"
          width="18"
          x="3"
          y="4"
        />
        <path
          d="M3 10h18"
        />
      </svg>
      <span
        class="text-xs font-medium truncate "
      >
        My Events
      </span>
    </button>
    <button
      aria-label="Navigate to messenger"
      class="flex flex-col items-center justify-center py-2 px-3 min-w-0 flex-1 transition-colors duration-200 text-pairup-cream hover:text-pairup-yellow"
      role="menuitem"
    >
      <svg
        class="lucide lucide-message-circle w-5 h-5 mb-1"
        fill="none"
        height="24"
        stroke="currentColor"
        stroke-linecap="round"
        stroke-linejoin="round"
        stroke-width="2"
        viewBox="0 0 24 24"
        width="24"
        xmlns="http://www.w3.org/2000/svg"
      >
        <path
          d="M7.9 20A9 9 0 1 0 4 16.1L2 22Z"
        />
      </svg>
      <span
        class="text-xs font-medium truncate "
      >
        Messenger
      </span>
    </button>
    <button
      aria-label="Navigate to my profile"
      class="flex flex-col items-center justify-center py-2 px-3 min-w-0 flex-1 transition-colors duration-200 text-pairup-cream hover:text-pairup-yellow"
      role="menuitem"
    >
      <svg
        class="lucide lucide-user w-5 h-5 mb-1"
        fill="none"
        height="24"
        stroke="currentColor"
        stroke-linecap="round"
        stroke-linejoin="round"
        stroke-width="2"
        viewBox="0 0 24 24"
        width="24"
        xmlns="http://www.w3.org/2000/svg"
      >
        <path
          d="M19 21v-2a4 4 0 0 0-4-4H9a4 4 0 0 0-4 4v2"
        />
        <circle
          cx="12"
          cy="7"
          r="4"
        />
      </svg>
      <span
        class="text-xs font-medium truncate "
      >
        My Profile
      </span>
    </button>
  </div>
</nav>
`;
